blah
ok
